http://localhost:8000
Running on local URL:  http://0.0.0.0:8080

To create a public link, set `share=True` in `launch()`.
IMPORTANT: You are using gradio version 4.15.0, however version 4.44.1 is available, please upgrade.
--------
---ROUTE QUESTION---
do you know anything about chestnuts?
{'datasource': 'web_search'}
---ROUTE QUESTION TO WEB SEARCH---
---WEB SEARCH---
---GENERATE---
---CHECK HALLUCINATIONS---
---DECISION: GENERATION IS GROUNDED IN DOCUMENTS---
---GRADE GENERATION vs QUESTION---
---DECISION: GENERATION ADDRESSES QUESTION---
---ROUTE QUESTION---
give me a recipe for roasted chestnuts
{'datasource': 'web_search'}
---ROUTE QUESTION TO WEB SEARCH---
---WEB SEARCH---
---GENERATE---
---CHECK HALLUCINATIONS---
---DECISION: GENERATION IS GROUNDED IN DOCUMENTS---
---GRADE GENERATION vs QUESTION---
---DECISION: GENERATION ADDRESSES QUESTION---
---ROUTE QUESTION---
Can I take a document - pdf, store it on AWS s3. Make it available to anyone. Then place the complete file url in the file list of this application so you can read it?
{'datasource': 'vectorstore'}
---ROUTE QUESTION TO RAG---
---RETRIEVE---
---CHECK DOCUMENT RELEVANCE TO QUESTION---
---ASSESS GRADED DOCUMENTS---
---DECISION: ALL DOCUMENTS ARE NOT RELEVANT TO QUESTION, INCLUDE WEB SEARCH---
---WEB SEARCH---
---GENERATE---
---CHECK HALLUCINATIONS---
---DECISION: GENERATION IS GROUNDED IN DOCUMENTS---
---GRADE GENERATION vs QUESTION---
---DECISION: GENERATION ADDRESSES QUESTION---
---ROUTE QUESTION---
how large is the context window. How many pages of text and you handle
{'datasource': 'vectorstore'}
---ROUTE QUESTION TO RAG---
---RETRIEVE---
---CHECK DOCUMENT RELEVANCE TO QUESTION---
---ASSESS GRADED DOCUMENTS---
---DECISION: ALL DOCUMENTS ARE NOT RELEVANT TO QUESTION, INCLUDE WEB SEARCH---
---WEB SEARCH---
---GENERATE---
---CHECK HALLUCINATIONS---
---DECISION: GENERATION IS GROUNDED IN DOCUMENTS---
---GRADE GENERATION vs QUESTION---
---DECISION: GENERATION ADDRESSES QUESTION---
